[yourhandprint.com/index.html]
[backblue.gif]
[fade.gif]
[index.html]
[yourhandprint.com/button4.jpg]
[yourhandprint.com/button5.jpg]
[yourhandprint.com/buttonA.jpg]
[yourhandprint.com/buttonB.jpg]
[yourhandprint.com/button10.jpg]
[yourhandprint.com/button11.jpg]
[yourhandprint.com/images/button16.jpg]
[yourhandprint.com/images/button17.jpg]
[yourhandprint.com/button19.jpg]
[yourhandprint.com/button1A.jpg]
[yourhandprint.com/images/button1C.jpg]
[yourhandprint.com/images/button1D.jpg]
[yourhandprint.com/button7.jpg]
[yourhandprint.com/button8.jpg]
[yourhandprint.com/button7C.jpg]
[yourhandprint.com/button7D.jpg]
[yourhandprint.com/images/buttonB6.jpg]
[yourhandprint.com/images/buttonB7.jpg]
[yourhandprint.com/images/buttonB9.jpg]
[yourhandprint.com/images/buttonBA.jpg]
[yourhandprint.com/images/buttonBC.jpg]
[yourhandprint.com/images/buttonBD.jpg]
[yourhandprint.com/images/buttonBF.jpg]
[yourhandprint.com/images/buttonC0.jpg]
[yourhandprint.com/images/buttonC2.jpg]
[yourhandprint.com/images/buttonC3.jpg]
[yourhandprint.com/images/buttonC5.jpg]
[yourhandprint.com/images/buttonC6.jpg]
[yourhandprint.com/images/buttonC8.jpg]
[yourhandprint.com/images/buttonC9.jpg]
[yourhandprint.com/about.html]
[yourhandprint.com/button3.jpg]
[yourhandprint.com/gallery.html]
[yourhandprint.com/button9.jpg]
[yourhandprint.com/buttonF.jpg]
[yourhandprint.com/images/button15.jpg]
[yourhandprint.com/fundraisers.html]
[yourhandprint.com/button18.jpg]
[yourhandprint.com/areasavailable.html]
[yourhandprint.com/images/button1B.jpg]
[yourhandprint.com/links.html]
[yourhandprint.com/button49.jpg]
[yourhandprint.com/button7B.jpg]
[yourhandprint.com/circus-arts-conservatory.html]
[yourhandprint.com/images/YHP_2015_Circus_Arts_No_1_Fundrasier_Display_wwwYourHandPrints.jpg]
[yourhandprint.com/images/YHP_2015_Circus_Arts_No_2_Fundrasier_Display_wwwYourHandPrints.jpg]
[yourhandprint.com/Venice_circus_Orando_Flying_Gaonas_index.html]
[yourhandprint.com/images/VCircus_1_paver_ORLANDO_Side_view_LARGE_INDEX_wl.jpg]
[yourhandprint.com/john_ringling.html]
[yourhandprint.com/images/YourHandPrintscom_16_inch_Square_FLAT_DISPLAY_index.jpg]
[yourhandprint.com/8inchsquarebrick.html]
[yourhandprint.com/DSC00014.jpg]
[yourhandprint.com/sean_colson_hand_print.html]
[yourhandprint.com/images/seanhandprint.jpg]
[yourhandprint.com/8inchsquarebrickb.html]
[yourhandprint.com/DSC00015.jpg]
[yourhandprint.com/yhpfamilyset.html]
[yourhandprint.com/images/DSC00029ws.jpg]
[yourhandprint.com/royalfullset.html]
[yourhandprint.com/images/DSC00030ws.jpg]
[yourhandprint.com/thisway.html]
[yourhandprint.com/images/thiswayws.jpg]
[yourhandprint.com/peace.html]
[yourhandprint.com/images/peacews.jpg]
[yourhandprint.com/hitchhiker.html]
[yourhandprint.com/images/hitchhikerws.jpg]
[yourhandprint.com/jack_dowd.html]
[yourhandprint.com/images/jackdowd3ws.jpg]
[yourhandprint.com/molly.html]
[yourhandprint.com/images/mollyws.jpg]
[yourhandprint.com/frank_colson.html]
[yourhandprint.com/images/fchpws.jpg]
[yourhandprint.com/memorial_paver_stones.html]
[yourhandprint.com/images/bob_ardren3.jpg]
[yourhandprint.com/images/bob_ardren4.jpg]
[yourhandprint.com/images/bob_ardren1.jpg]
[yourhandprint.com/15seanb.jpg]
[yourhandprint.com/DSC00018.jpg]
[yourhandprint.com/images/buttonB5.jpg]
[yourhandprint.com/images/buttonB8.jpg]
[yourhandprint.com/images/buttonBB.jpg]
[yourhandprint.com/images/buttonBE.jpg]
[yourhandprint.com/images/buttonC1.jpg]
[yourhandprint.com/images/buttonC4.jpg]
[yourhandprint.com/index.html]
[yourhandprint.com/about.html]
[yourhandprint.com/gallery.html]
[yourhandprint.com/fundraisers.html]
[yourhandprint.com/areasavailable.html]
[yourhandprint.com/links.html]
[yourhandprint.com/circus-arts-conservatory.html]
[yourhandprint.com/Venice_circus_Orando_Flying_Gaonas_index.html]
[yourhandprint.com/john_ringling.html]
[yourhandprint.com/8inchsquarebrick.html]
[yourhandprint.com/sean_colson_hand_print.html]
[yourhandprint.com/8inchsquarebrickb.html]
[yourhandprint.com/yhpfamilyset.html]
[yourhandprint.com/royalfullset.html]
[yourhandprint.com/thisway.html]
[yourhandprint.com/peace.html]
[yourhandprint.com/hitchhiker.html]
[yourhandprint.com/jack_dowd.html]
[yourhandprint.com/molly.html]
[yourhandprint.com/frank_colson.html]
[yourhandprint.com/memorial_paver_stones.html]
[yourhandprint.com/images/buttonC7.jpg]
[yourhandprint.com/images/11multible2.jpg]
[yourhandprint.com/royalset.htm]
[yourhandprint.com/royalset.htm]
